------------------------------------------------------------
Timing Analyzer Summary
------------------------------------------------------------

Type  : Slow 1100mV 85C Model Setup 'KEY[2]'
Slack : -5.720
TNS   : -47.064

Type  : Slow 1100mV 85C Model Setup 'core:u0|address_m[0]'
Slack : -4.203
TNS   : -228.870

Type  : Slow 1100mV 85C Model Hold 'KEY[2]'
Slack : 0.425
TNS   : 0.000

Type  : Slow 1100mV 85C Model Hold 'core:u0|address_m[0]'
Slack : 1.509
TNS   : 0.000

Type  : Slow 1100mV 85C Model Minimum Pulse Width 'KEY[2]'
Slack : -0.394
TNS   : -6.921

Type  : Slow 1100mV 85C Model Minimum Pulse Width 'KEY[3]'
Slack : -0.394
TNS   : -5.896

Type  : Slow 1100mV 85C Model Minimum Pulse Width 'core:u0|address_m[0]'
Slack : 0.071
TNS   : 0.000

Type  : Slow 1100mV 0C Model Setup 'KEY[2]'
Slack : -5.626
TNS   : -45.732

Type  : Slow 1100mV 0C Model Setup 'core:u0|address_m[0]'
Slack : -4.165
TNS   : -230.916

Type  : Slow 1100mV 0C Model Hold 'KEY[2]'
Slack : 0.344
TNS   : 0.000

Type  : Slow 1100mV 0C Model Hold 'core:u0|address_m[0]'
Slack : 1.522
TNS   : 0.000

Type  : Slow 1100mV 0C Model Minimum Pulse Width 'KEY[2]'
Slack : -0.394
TNS   : -7.079

Type  : Slow 1100mV 0C Model Minimum Pulse Width 'KEY[3]'
Slack : -0.394
TNS   : -6.987

Type  : Slow 1100mV 0C Model Minimum Pulse Width 'core:u0|address_m[0]'
Slack : 0.075
TNS   : 0.000

Type  : Fast 1100mV 85C Model Setup 'KEY[2]'
Slack : -3.098
TNS   : -24.555

Type  : Fast 1100mV 85C Model Setup 'core:u0|address_m[0]'
Slack : -2.397
TNS   : -119.090

Type  : Fast 1100mV 85C Model Hold 'KEY[2]'
Slack : 0.206
TNS   : 0.000

Type  : Fast 1100mV 85C Model Hold 'core:u0|address_m[0]'
Slack : 1.029
TNS   : 0.000

Type  : Fast 1100mV 85C Model Minimum Pulse Width 'KEY[2]'
Slack : -0.061
TNS   : -0.656

Type  : Fast 1100mV 85C Model Minimum Pulse Width 'KEY[3]'
Slack : -0.055
TNS   : -0.583

Type  : Fast 1100mV 85C Model Minimum Pulse Width 'core:u0|address_m[0]'
Slack : 0.215
TNS   : 0.000

Type  : Fast 1100mV 0C Model Setup 'KEY[2]'
Slack : -2.699
TNS   : -21.103

Type  : Fast 1100mV 0C Model Setup 'core:u0|address_m[0]'
Slack : -2.299
TNS   : -116.453

Type  : Fast 1100mV 0C Model Hold 'KEY[2]'
Slack : 0.150
TNS   : 0.000

Type  : Fast 1100mV 0C Model Hold 'core:u0|address_m[0]'
Slack : 1.075
TNS   : 0.000

Type  : Fast 1100mV 0C Model Minimum Pulse Width 'KEY[3]'
Slack : -0.080
TNS   : -0.868

Type  : Fast 1100mV 0C Model Minimum Pulse Width 'KEY[2]'
Slack : -0.071
TNS   : -0.769

Type  : Fast 1100mV 0C Model Minimum Pulse Width 'core:u0|address_m[0]'
Slack : 0.256
TNS   : 0.000

------------------------------------------------------------
