------------------------------------------------------------
Timing Analyzer Summary
------------------------------------------------------------

Type  : Slow 1100mV 85C Model Setup 'core:u0|address_m[0]'
Slack : -3.985
TNS   : -224.140

Type  : Slow 1100mV 85C Model Setup 'KEY[2]'
Slack : -1.589
TNS   : -14.615

Type  : Slow 1100mV 85C Model Hold 'KEY[2]'
Slack : 0.193
TNS   : 0.000

Type  : Slow 1100mV 85C Model Hold 'core:u0|address_m[0]'
Slack : 1.751
TNS   : 0.000

Type  : Slow 1100mV 85C Model Minimum Pulse Width 'KEY[2]'
Slack : -0.394
TNS   : -8.270

Type  : Slow 1100mV 85C Model Minimum Pulse Width 'KEY[3]'
Slack : -0.394
TNS   : -6.372

Type  : Slow 1100mV 85C Model Minimum Pulse Width 'core:u0|address_m[0]'
Slack : 0.206
TNS   : 0.000

Type  : Slow 1100mV 0C Model Setup 'core:u0|address_m[0]'
Slack : -3.986
TNS   : -224.765

Type  : Slow 1100mV 0C Model Setup 'KEY[2]'
Slack : -1.458
TNS   : -13.892

Type  : Slow 1100mV 0C Model Hold 'KEY[2]'
Slack : 0.243
TNS   : 0.000

Type  : Slow 1100mV 0C Model Hold 'core:u0|address_m[0]'
Slack : 1.731
TNS   : 0.000

Type  : Slow 1100mV 0C Model Minimum Pulse Width 'KEY[2]'
Slack : -0.394
TNS   : -8.572

Type  : Slow 1100mV 0C Model Minimum Pulse Width 'KEY[3]'
Slack : -0.394
TNS   : -7.026

Type  : Slow 1100mV 0C Model Minimum Pulse Width 'core:u0|address_m[0]'
Slack : 0.165
TNS   : 0.000

Type  : Fast 1100mV 85C Model Setup 'core:u0|address_m[0]'
Slack : -2.209
TNS   : -116.102

Type  : Fast 1100mV 85C Model Setup 'KEY[2]'
Slack : -0.516
TNS   : -3.741

Type  : Fast 1100mV 85C Model Hold 'KEY[2]'
Slack : 0.136
TNS   : 0.000

Type  : Fast 1100mV 85C Model Hold 'core:u0|address_m[0]'
Slack : 1.260
TNS   : 0.000

Type  : Fast 1100mV 85C Model Minimum Pulse Width 'KEY[3]'
Slack : -0.057
TNS   : -0.600

Type  : Fast 1100mV 85C Model Minimum Pulse Width 'KEY[2]'
Slack : -0.055
TNS   : -0.658

Type  : Fast 1100mV 85C Model Minimum Pulse Width 'core:u0|address_m[0]'
Slack : 0.289
TNS   : 0.000

Type  : Fast 1100mV 0C Model Setup 'core:u0|address_m[0]'
Slack : -2.150
TNS   : -113.388

Type  : Fast 1100mV 0C Model Setup 'KEY[2]'
Slack : -0.427
TNS   : -2.968

Type  : Fast 1100mV 0C Model Hold 'KEY[2]'
Slack : 0.121
TNS   : 0.000

Type  : Fast 1100mV 0C Model Hold 'core:u0|address_m[0]'
Slack : 1.280
TNS   : 0.000

Type  : Fast 1100mV 0C Model Minimum Pulse Width 'KEY[3]'
Slack : -0.078
TNS   : -0.804

Type  : Fast 1100mV 0C Model Minimum Pulse Width 'KEY[2]'
Slack : -0.066
TNS   : -0.829

Type  : Fast 1100mV 0C Model Minimum Pulse Width 'core:u0|address_m[0]'
Slack : 0.305
TNS   : 0.000

------------------------------------------------------------
