------------------------------------------------------------
Timing Analyzer Summary
------------------------------------------------------------

Type  : Slow 1100mV 85C Model Setup 'KEY[2]'
Slack : -1.314
TNS   : -10.229

Type  : Slow 1100mV 85C Model Hold 'KEY[2]'
Slack : 0.329
TNS   : 0.000

Type  : Slow 1100mV 85C Model Minimum Pulse Width 'KEY[2]'
Slack : -0.394
TNS   : -6.438

Type  : Slow 1100mV 85C Model Minimum Pulse Width 'KEY[3]'
Slack : -0.394
TNS   : -4.282

Type  : Slow 1100mV 0C Model Setup 'KEY[2]'
Slack : -1.224
TNS   : -9.544

Type  : Slow 1100mV 0C Model Hold 'KEY[2]'
Slack : 0.331
TNS   : 0.000

Type  : Slow 1100mV 0C Model Minimum Pulse Width 'KEY[2]'
Slack : -0.394
TNS   : -6.611

Type  : Slow 1100mV 0C Model Minimum Pulse Width 'KEY[3]'
Slack : -0.394
TNS   : -5.337

Type  : Fast 1100mV 85C Model Setup 'KEY[2]'
Slack : -0.270
TNS   : -1.941

Type  : Fast 1100mV 85C Model Hold 'KEY[2]'
Slack : 0.117
TNS   : 0.000

Type  : Fast 1100mV 85C Model Minimum Pulse Width 'KEY[3]'
Slack : -0.054
TNS   : -0.430

Type  : Fast 1100mV 85C Model Minimum Pulse Width 'KEY[2]'
Slack : -0.051
TNS   : -0.460

Type  : Fast 1100mV 0C Model Setup 'KEY[2]'
Slack : -0.211
TNS   : -1.514

Type  : Fast 1100mV 0C Model Hold 'KEY[2]'
Slack : 0.121
TNS   : 0.000

Type  : Fast 1100mV 0C Model Minimum Pulse Width 'KEY[3]'
Slack : -0.077
TNS   : -0.612

Type  : Fast 1100mV 0C Model Minimum Pulse Width 'KEY[2]'
Slack : -0.063
TNS   : -0.613

------------------------------------------------------------
